exports[`test B data is correct 1`] = `
Object {
  "ab": 1,
  "abc": 1,
  "b": 1,
  "bc": 1,
}
`;

exports[`test C data is correct 1`] = `
Object {
  "abc": 1,
  "bc": 1,
  "c": 1,
}
`;
